cargo :     Checking eon-vedic v0.1.0 (F:\Eon\crates\eon-vedic)
위치 줄:1 문자:1
+ cargo check -p eon-vedic --example verify_vedic 2> errors.txt; Get-Co ...
+ ~~~~~~~~~~~~~~~~~~~~~~~~~~~~~~~~~~~~~~~~~~~~~~~~~~~~~~~~~~~~~
    + CategoryInfo          : NotSpecified: (    Checking eo...ates\eon-vedic):String) [], RemoteException
    + FullyQualifiedErrorId : NativeCommandError
 
warning: unused import: `std::collections::HashMap`
 --> crates\eon-vedic\src\analysis\aspects.rs:4:5
  |
4 | use std::collections::HashMap;
  |     ^^^^^^^^^^^^^^^^^^^^^^^^^
  |
  = note: `#[warn(unused_imports)]` (part of `#[warn(unused)]`) on by default

warning: unnecessary parentheses around assigned value
  --> crates\eon-vedic\src\analysis\aspects.rs:66:22
   |
66 |         let target = (start as i32 + count as i32 - 1);
   |                      ^                               ^
   |
   = note: `#[warn(unused_parens)]` (part of `#[warn(unused)]`) on by default
help: remove these parentheses
   |
66 -         let target = (start as i32 + count as i32 - 1);
66 +         let target = start as i32 + count as i32 - 1;
   |

warning: unnecessary parentheses around assigned value
  --> crates\eon-vedic\src\analysis\aspects.rs:67:21
   |
67 |         let mut r = (target % 12);
   |                     ^           ^
   |
help: remove these parentheses
   |
67 -         let mut r = (target % 12);
67 +         let mut r = target % 12;
   |

warning: unused variable: `nak_pos`
   --> crates\eon-vedic\src\chart.rs:106:18
    |
106 |              let nak_pos = sidereal / (360.0 / 27.0);
    |                  ^^^^^^^ help: if this is intentional, prefix it with an underscore: `_nak_pos`
    |
    = note: `#[warn(unused_variables)]` (part of `#[warn(unused)]`) on by default

warning: unused variable: `nak_pos`
   --> crates\eon-vedic\src\chart.rs:107:18
    |
107 |              let nak_pos = sidereal / (360.0 / 27.0);
    |                  ^^^^^^^ help: if this is intentional, prefix it with an underscore: `_nak_pos`

warning: variable does not need to be mutable
  --> crates\eon-vedic\src\analysis\aspects.rs:67:13
   |
67 |         let mut r = (target % 12);
   |             ----^
   |             |
   |             help: remove this `mut`
   |
   = note: `#[warn(unused_mut)]` (part of `#[warn(unused)]`) on by default

warning: unused variable: `other_idx`
   --> crates\eon-vedic\src\analysis\ashtakavarga.rs:151:35
    |
151 |                 let (has_pts_idx, other_idx, other_occ) = if p1 == 0 { (r2, r1, occ1) } else { (r1, r2, occ2) };
    |                                   ^^^^^^^^^ help: if this is intentional, prefix it with an underscore: `_other_idx`

warning: unused variable: `other_occ`
   --> crates\eon-vedic\src\analysis\ashtakavarga.rs:151:46
    |
151 |                 let (has_pts_idx, other_idx, other_occ) = if p1 == 0 { (r2, r1, occ1) } else { (r1, r2, occ2) };
    |                                              ^^^^^^^^^ help: if this is intentional, prefix it with an underscore: `_other_occ`

warning: `eon-vedic` (lib) generated 8 warnings (run `cargo fix --lib -p eon-vedic` to apply 4 suggestions)
    Finished `dev` profile [unoptimized + debuginfo] target(s) in 0.84s
